Warning: mypy not found on PATH; type checking will be skipped.
  Install with: pip install mypy  or  pipx install mypy
ESBMC version 8.3.0 64-bit x86_64 linux

Target: 64-bit little-endian x86_64-unknown-linux with esbmclibc
Parsing dataset/labeled/ok/bugs/out_of_bounds/oob_12.py
Converting
Generating GOTO Program
GOTO program creation time: 1.674s
GOTO program processing time: 0.008s
Checking base case, k = 1
Starting Bounded Model Checking
Symex completed in: 0.001s (133 assignments)
Caching time: 0.000s (removed 8 assertions)
Slicing time: 0.001s (removed 75 assignments)
Generated 48 VCC(s), 24 remaining after simplification (50 assignments)
No solver specified; defaulting to z3
Encoding remaining VCC(s) using bit-vector/floating-point arithmetic
Encoding to solver time: 0.000s
Solving with solver Z3 v4.8.12
Runtime decision procedure: 0.031s
Building error trace

[Counterexample]


State 1 file dataset/labeled/ok/bugs/out_of_bounds/oob_12.py line 1 column 0 thread 0
----------------------------------------------------
  values = 0

State 2 file dataset/labeled/ok/bugs/out_of_bounds/oob_12.py line 1 column 0 thread 0
----------------------------------------------------
  i = 4620693217682128896 (01000000 00100000 00000000 00000000 00000000 00000000 00000000 00000000)

State 3 file dataset/labeled/ok/bugs/out_of_bounds/oob_12.py line 1 column 0 thread 0
----------------------------------------------------
  j = -4611686018427387903 (11000000 00000000 00000000 00000000 00000000 00000000 00000000 00000001)

State 4 file /build/esbmc-M50sFE/esbmc-8.3.0+dfsg/src/c2goto/library/python/list.c line 61 column 3 function __ESBMC_list_size thread 0
----------------------------------------------------
Violated property:
  file /build/esbmc-M50sFE/esbmc-8.3.0+dfsg/src/c2goto/library/python/list.c line 61 column 3 function __ESBMC_list_size
  dereference failure: Incorrect alignment when accessing data object


VERIFICATION FAILED

Bug found (k = 1)
