Warning: mypy not found on PATH; type checking will be skipped.
  Install with: pip install mypy  or  pipx install mypy
ESBMC version 8.3.0 64-bit x86_64 linux

Target: 64-bit little-endian x86_64-unknown-linux with esbmclibc
Parsing dataset/labeled/ok/bugs/out_of_bounds/oob_13.py
Converting
Generating GOTO Program
GOTO program creation time: 5.327s
GOTO program processing time: 0.037s
Checking base case, k = 1
Starting Bounded Model Checking
Symex completed in: 0.005s (102 assignments)
Caching time: 0.000s (removed 3 assertions)
Slicing time: 0.000s (removed 74 assignments)
Generated 18 VCC(s), 9 remaining after simplification (25 assignments)
No solver specified; defaulting to z3
Encoding remaining VCC(s) using bit-vector/floating-point arithmetic
Encoding to solver time: 0.002s
Solving with solver Z3 v4.8.12
Runtime decision procedure: 0.285s
Building error trace

[Counterexample]


State 1 file dataset/labeled/ok/bugs/out_of_bounds/oob_13.py line 1 column 0 thread 0
----------------------------------------------------
  data = 0

State 2 file dataset/labeled/ok/bugs/out_of_bounds/oob_13.py line 1 column 0 thread 0
----------------------------------------------------
  pos = -9133288626899515753 (10000001 01000000 00001010 01100010 01010010 10001010 00000110 10010111)

State 3 file dataset/labeled/ok/bugs/out_of_bounds/oob_13.py line 1 column 0 thread 0
----------------------------------------------------
  scale = 33232085831180041 (00000000 01110110 00010000 01100111 11101111 00011100 11011111 00001001)

State 4 file dataset/labeled/ok/bugs/out_of_bounds/oob_13.py line 1 column 0 thread 0
----------------------------------------------------
  bias = -9077074618704986112 (10000010 00000111 11000000 10111010 00001000 01100000 00000000 00000000)

State 5 file dataset/labeled/ok/bugs/out_of_bounds/oob_13.py line 2 column 4 function scaled_index_lookup thread 0
----------------------------------------------------
  idx = -6651889123500243889 (10100011 10101111 10111110 00010101 11011100 01111011 11000100 01001111)

State 12 file dataset/labeled/ok/bugs/out_of_bounds/oob_13.py line 3 column 4 function scaled_index_lookup thread 0
----------------------------------------------------
Violated property:
  file dataset/labeled/ok/bugs/out_of_bounds/oob_13.py line 3 column 4 function scaled_index_lookup
  dereference failure: Incorrect alignment when accessing data object


VERIFICATION FAILED

Bug found (k = 1)
