Warning: mypy not found on PATH; type checking will be skipped.
  Install with: pip install mypy  or  pipx install mypy
ESBMC version 8.3.0 64-bit x86_64 linux

Target: 64-bit little-endian x86_64-unknown-linux with esbmclibc
Parsing dataset/labeled/ok/bugs/out_of_bounds/oob_11.py
Converting
Generating GOTO Program
GOTO program creation time: 5.172s
GOTO program processing time: 0.027s
Checking base case, k = 1
Starting Bounded Model Checking
Symex completed in: 0.004s (102 assignments)
Caching time: 0.000s (removed 3 assertions)
Slicing time: 0.000s (removed 74 assignments)
Generated 18 VCC(s), 9 remaining after simplification (25 assignments)
No solver specified; defaulting to z3
Encoding remaining VCC(s) using bit-vector/floating-point arithmetic
Encoding to solver time: 0.001s
Solving with solver Z3 v4.8.12
Runtime decision procedure: 0.154s
Building error trace

[Counterexample]


State 1 file dataset/labeled/ok/bugs/out_of_bounds/oob_11.py line 1 column 0 thread 0
----------------------------------------------------
  data = invalid-object

State 2 file dataset/labeled/ok/bugs/out_of_bounds/oob_11.py line 1 column 0 thread 0
----------------------------------------------------
  base = -8012701398415419392 (10010000 11001101 00101010 10001000 00000000 00101100 01011000 00000000)

State 3 file dataset/labeled/ok/bugs/out_of_bounds/oob_11.py line 1 column 0 thread 0
----------------------------------------------------
  stride = 6556414541168876133 (01011010 11111101 00010000 01001001 10101110 10010011 10011010 01100101)

State 4 file dataset/labeled/ok/bugs/out_of_bounds/oob_11.py line 1 column 0 thread 0
----------------------------------------------------
  steps = 3190169572419868423 (00101100 01000101 11000010 01010010 11101001 01011000 10010111 00000111)

State 5 file dataset/labeled/ok/bugs/out_of_bounds/oob_11.py line 2 column 4 function strided_fetch thread 0
----------------------------------------------------
  idx = -4968197020851428413 (10111011 00001101 01101011 00100001 11010101 11111111 00100011 11000011)

State 7 file /build/esbmc-M50sFE/esbmc-8.3.0+dfsg/src/c2goto/library/python/list.c line 61 column 3 function __ESBMC_list_size thread 0
----------------------------------------------------
Violated property:
  file /build/esbmc-M50sFE/esbmc-8.3.0+dfsg/src/c2goto/library/python/list.c line 61 column 3 function __ESBMC_list_size
  dereference failure: invalid pointer
  CWE: CWE-416, CWE-822, CWE-824, CWE-908


VERIFICATION FAILED

Bug found (k = 1)
