av_real_01.py    CONFIRMED          -> UNVALIDATED        assertion ISINSTANCE(param, 0); dereference failure: NULL pointer; unwinding ass
av_real_03.py    UNSUPPORTED        -> UNSUPPORTED        external call Substitution(...) uses *args/**kwargs
av_real_09.py    UNSUPPORTED        -> UNSUPPORTED        entry point is nested inside a function; the harness cannot call it
<unknown>:369: SyntaxWarning: invalid escape sequence '\s'
<unknown>:941: SyntaxWarning: invalid escape sequence '\d'
<unknown>:369: SyntaxWarning: invalid escape sequence '\s'
<unknown>:941: SyntaxWarning: invalid escape sequence '\d'
<unknown>:369: SyntaxWarning: invalid escape sequence '\s'
<unknown>:941: SyntaxWarning: invalid escape sequence '\d'
<unknown>:369: SyntaxWarning: invalid escape sequence '\s'
<unknown>:941: SyntaxWarning: invalid escape sequence '\d'
av_real_17.py    NOT_CONFIRMED      -> NOT_CONFIRMED      unwinding assertion loop 108; unwinding assertion loop 131
bip_ansible_1.py UNSUPPORTED        -> UNSUPPORTED        external name 'contextmanager' is used as a decorator
bip_ansible_16.py UNSUPPORTED        -> UNSUPPORTED        ERROR: Type inference failed at line 2. Variable OSError not found
bip_ansible_16.py UNSUPPORTED        -> GROUNDING_FAILED   suspect expression not found in LinuxHardware.get_cpu_facts
bip_ansible_3.py MISSING_DEPENDENCY -> MISSING_DEPENDENCY ERROR: Object "out" not found.
bip_ansible_3.py MISSING_DEPENDENCY -> MISSING_DEPENDENCY ERROR: Object "out" not found.
bip_ansible_5.py UNSUPPORTED        -> UNSUPPORTED        ERROR: uncaught exception [16irep2_cast_error]: irep2: struct_union_member_names
bip_black_13.py  MISSING_DEPENDENCY -> MISSING_DEPENDENCY undefined name(s): ASYNC, AWAIT, COMMENT, DEDENT, ENDMARKER, ERRORTOKEN, INDENT,
bip_black_16.py  ESBMC_ERROR        -> ESBMC_ERROR        ESBMC direto: resultado inconclusivo.
bip_fastapi_10.py UNSUPPORTED        -> UNSUPPORTED        ERROR: Cannot unpack pointer - only tuples and arrays can be unpacked
bip_fastapi_16.py UNSUPPORTED        -> UNSUPPORTED        stub 'obj.Config': missing return type; stub 'obj.dict': missing return type; st
bip_keras_10.py  UNSUPPORTED        -> UNSUPPORTED        ERROR: unsupported: non-constant argument in str % formatting
bip_keras_24.py  MISSING_DEPENDENCY -> MISSING_DEPENDENCY undefined name(s): projector, tf
bip_keras_24.py  MISSING_DEPENDENCY -> MISSING_DEPENDENCY undefined name(s): projector, tf
bip_keras_25.py  ESBMC_ERROR        -> SPEC_FAILED        The JSON was rejected: stub 'x.astype': missing return type
bip_keras_26.py  MISSING_DEPENDENCY -> MISSING_DEPENDENCY undefined name(s): uses_learning_phase
bip_keras_26.py  GROUNDING_FAILED   -> GROUNDING_FAILED   function 'rnn._step' not found (or ambiguous)
bip_keras_26.py  GROUNDING_FAILED   -> GROUNDING_FAILED   function 'rnn._step' not found (or ambiguous)
bip_keras_3.py   ESBMC_ERROR        -> ESBMC_ERROR        ESBMC direto: resultado inconclusivo.
bip_keras_3.py   ESBMC_ERROR        -> ESBMC_ERROR        ESBMC direto: resultado inconclusivo.
bip_keras_33.py  MISSING_DEPENDENCY -> MISSING_DEPENDENCY undefined name(s): unicode
bip_keras_36.py  UNSUPPORTED        -> GROUNDING_FAILED   suspect expression not found in separable_conv1d
bip_keras_36.py  UNSUPPORTED        -> UNSUPPORTED        ERROR: Could not resolve type of receiver in member call '.environ.get()'. Add a
bip_keras_38.py  UNVALIDATED        -> GROUNDING_FAILED   suspect expression not found in StackedRNNCells.build
bip_keras_40.py  ESBMC_ERROR        -> ESBMC_ERROR        ESBMC direto: resultado inconclusivo.
bip_keras_40.py  ESBMC_ERROR        -> ESBMC_ERROR        ESBMC direto: resultado inconclusivo.
bip_keras_43.py  OTHER_FAILURE      -> OTHER_FAILURE      uncaught exception: AttributeError
bip_keras_43.py  OTHER_FAILURE      -> OTHER_FAILURE      uncaught exception: AttributeError
bip_keras_43.py  OTHER_FAILURE      -> OTHER_FAILURE      uncaught exception: AttributeError
bip_keras_43.py  SPEC_FAILED        -> SPEC_FAILED        The JSON was rejected: not JSON: Expecting value
bip_keras_45.py  UNSUPPORTED        -> UNSUPPORTED        ERROR: TypeError: strided column slicing (a[:, ::step]) requires a fixed-shape 2
bip_keras_8.py   MISSING_DEPENDENCY -> UNSUPPORTED        ERROR: Variable 'args' is not defined in function 'Network' at line 101.
bip_keras_8.py   MISSING_DEPENDENCY -> UNSUPPORTED        ERROR: Variable 'args' is not defined in function 'Network' at line 98.
bip_keras_8.py   MISSING_DEPENDENCY -> UNSUPPORTED        ERROR: Variable 'args' is not defined in function 'Network' at line 100.
bip_keras_8.py   MISSING_DEPENDENCY -> UNSUPPORTED        ERROR: Variable 'args' is not defined in function 'Network' at line 102.
bip_keras_8.py   MISSING_DEPENDENCY -> UNSUPPORTED        ERROR: Variable 'args' is not defined in function 'Network' at line 102.
bip_keras_8.py   MISSING_DEPENDENCY -> UNSUPPORTED        ERROR: Variable 'args' is not defined in function 'Network' at line 98.
bip_keras_8.py   MISSING_DEPENDENCY -> UNSUPPORTED        ERROR: Variable 'args' is not defined in function 'Network' at line 102.
bip_keras_8.py   MISSING_DEPENDENCY -> UNSUPPORTED        ERROR: Variable 'args' is not defined in function 'Network' at line 113.
bip_keras_8.py   UNSUPPORTED        -> UNSUPPORTED        entry point is nested inside a function; the harness cannot call it
bip_keras_8.py   UNSUPPORTED        -> UNSUPPORTED        entry point is nested inside a function; the harness cannot call it
bip_luigi_18.py  UNSUPPORTED        -> UNSUPPORTED        ERROR: Could not resolve type of receiver in member call '.failures.clear()'. Ad
bip_luigi_19.py  UNSUPPORTED        -> UNSUPPORTED        ERROR: Could not resolve type of receiver in member call '.failures.clear()'. Ad
bip_luigi_21.py  UNSUPPORTED        -> UNSUPPORTED        ERROR: Variable 'setup_interface_logging' is not defined in function 'setup_inte
bip_luigi_26.py  UNSUPPORTED        -> UNSUPPORTED        ERROR: unsupported: non-constant argument in str % formatting
bip_matplotlib_13.py MISSING_DEPENDENCY -> MISSING_DEPENDENCY ERROR: Object "np" not found.
bip_matplotlib_16.py UNSUPPORTED        -> UNSUPPORTED        ERROR: Cannot unpack empty - only tuples and arrays can be unpacked
bip_matplotlib_17.py UNSUPPORTED        -> UNSUPPORTED        ERROR: Cannot unpack empty - only tuples and arrays can be unpacked
bip_matplotlib_23.py UNSUPPORTED        -> UNSUPPORTED        external call mtransforms_Bbox.from_bounds(...) cannot be stubbed
bip_matplotlib_23.py UNSUPPORTED        -> UNSUPPORTED        external call mtransforms_Bbox.from_bounds(...) cannot be stubbed
bip_matplotlib_23.py UNSUPPORTED        -> UNSUPPORTED        external call mtransforms_Bbox.from_bounds(...) cannot be stubbed
bip_matplotlib_25.py MISSING_DEPENDENCY -> UNSUPPORTED        ERROR: Type inference failed at line 1301. Variable add_positions not found
bip_matplotlib_28.py MISSING_DEPENDENCY -> MISSING_DEPENDENCY ERROR: Function "convert" not found (artifacts/v2/control-fixed-2026-10-06/progr
bip_matplotlib_6.py UNSUPPORTED        -> UNSUPPORTED        external call mtext.Annotation(...) cannot be stubbed
bip_matplotlib_6.py UNSUPPORTED        -> UNSUPPORTED        external call mtext.Annotation(...) cannot be stubbed
bip_matplotlib_6.py GROUNDING_FAILED   -> GROUNDING_FAILED   suspect expression not found in Axes._parse_scatter_color_args
bip_pandas_10.py UNSUPPORTED        -> GROUNDING_FAILED   suspect expression not found in ExtensionBlock.putmask
bip_pandas_104.py UNSUPPORTED        -> UNSUPPORTED        receiver reads inherited member(s): _iterate_slices, _wrap_aggregated_output, _w
bip_pandas_104.py UNSUPPORTED        -> UNSUPPORTED        entry point is nested inside a function; the harness cannot call it
bip_pandas_107.py UNSUPPORTED        -> UNSUPPORTED        external call Substitution(...) uses *args/**kwargs
bip_pandas_133.py UNSUPPORTED        -> UNSUPPORTED        ERROR: Could not resolve type of receiver in member call '._AXIS_ALIASES.get()'.
bip_pandas_139.py UNSUPPORTED        -> UNSUPPORTED        stub 'recode_for_groupby': the code unpacks its result into 2 names, so it needs
bip_pandas_139.py UNSUPPORTED        -> UNSUPPORTED        stub 'recode_for_groupby': the code unpacks its result into 2 names, so it needs
bip_pandas_142.py ESBMC_ERROR        -> ESBMC_ERROR        ESBMC direto: resultado inconclusivo.
bip_pandas_145.py MISSING_DEPENDENCY -> UNSUPPORTED        ERROR: Could not resolve type of receiver in member call '.index.equals()'. Add 
bip_pandas_145.py MISSING_DEPENDENCY -> SPEC_FAILED        The JSON was rejected: stub 'right.dtype': missing return type
bip_pandas_152.py UNSUPPORTED        -> GROUNDING_FAILED   suspect expression not found in Series.append
bip_pandas_154.py UNSUPPORTED        -> UNSUPPORTED        receiver reads inherited member(s): _iterate_slices
bip_pandas_162.py MISSING_DEPENDENCY -> SPEC_FAILED        The JSON was rejected: stub 'table.iloc': missing return type
bip_pandas_166.py UNSUPPORTED        -> UNSUPPORTED        external call Substitution(...) uses *args/**kwargs
bip_pandas_168.py UNSUPPORTED        -> UNSUPPORTED        external name 'cache_readonly' is used as a decorator
bip_pandas_19.py UNSUPPORTED        -> GROUNDING_FAILED   suspect expression not found in _LocIndexer._getitem_axis
bip_pandas_29.py MISSING_DEPENDENCY -> GROUNDING_FAILED   suspect expression not found in IntervalArray.__setitem__
bip_pandas_33.py UNSUPPORTED        -> UNSUPPORTED        external name 'register_extension_dtype' is used as a decorator
bip_pandas_61.py UNSUPPORTED        -> UNSUPPORTED        external call Substitution(...) uses *args/**kwargs
bip_pandas_78.py UNSUPPORTED        -> UNSUPPORTED        external call Substitution(...) uses *args/**kwargs
bip_pandas_8.py  UNSUPPORTED        -> UNSUPPORTED        stub 'maybe_promote': the code unpacks its result into 2 names, so it needs tupl
bip_pandas_87.py MISSING_DEPENDENCY -> MISSING_DEPENDENCY ERROR: Function "f" not found (artifacts/v2/control-fixed-2026-10-06/programs/3a
bip_pandas_88.py MISSING_DEPENDENCY -> MISSING_DEPENDENCY ERROR: Function "aggfunc" not found (artifacts/v2/control-fixed-2026-10-06/progr
bip_pandas_91.py UNSUPPORTED        -> GROUNDING_FAILED   suspect expression not found in TimedeltaIndex.searchsorted
bip_pandas_95.py MISSING_DEPENDENCY -> MISSING_DEPENDENCY ERROR: Function "op" not found (artifacts/v2/control-fixed-2026-10-06/programs/b
bip_pandas_95.py UNSUPPORTED        -> UNSUPPORTED        entry point is nested inside a function; the harness cannot call it
bip_pandas_98.py UNSUPPORTED        -> UNSUPPORTED        external name 'cache_readonly' is used as a decorator
bip_scrapy_15.py NOT_CONFIRMED      -> GROUNDING_FAILED   suspect expression not found in _safe_ParseResult
bip_scrapy_15.py NOT_CONFIRMED      -> NOT_CONFIRMED      no_violation_found
bip_scrapy_18.py UNSUPPORTED        -> GROUNDING_FAILED   suspect expression not found in ResponseTypes.from_content_disposition
bip_scrapy_21.py ESBMC_MISSED       -> GROUNDING_FAILED   suspect expression not found in RobotsTxtMiddleware._robots_error
bip_scrapy_38.py UNSUPPORTED        -> UNSUPPORTED        ERROR: unsupported: non-constant argument in str % formatting
bip_scrapy_40.py GROUNDING_FAILED   -> GROUNDING_FAILED   suspect expression not found in PythonItemExporter._serialize_value
bip_spacy_1.py   UNSUPPORTED        -> UNSUPPORTED        entry point is nested inside a function; the harness cannot call it
bip_spacy_2.py   UNSUPPORTED        -> UNSUPPORTED        ERROR: Type inference failed at line 1. Variable OSError not found
bip_thefuck_11.py CONFIRMED          -> SPEC_FAILED        The JSON was rejected: stub 'command.script_parts': missing return type
bip_thefuck_4.py UNSUPPORTED        -> GROUNDING_FAILED   suspect expression not found in _get_aliases
bip_tornado_5.py ESBMC_ERROR        -> ESBMC_ERROR        ESBMC direto: resultado inconclusivo.
bip_tqdm_1.py    GROUNDING_FAILED   -> GROUNDING_FAILED   suspect expression not found in tenumerate
bip_youtube_dl_13.py UNVALIDATED        -> UNVALIDATED        uncaught exception: AttributeError
bip_youtube_dl_13.py NOT_CONFIRMED      -> NOT_CONFIRMED      no_violation_found
bip_youtube_dl_13.py NOT_CONFIRMED      -> NOT_CONFIRMED      no_violation_found
bip_youtube_dl_21.py NOT_CONFIRMED      -> NOT_CONFIRMED      no_violation_found
<unknown>:499: SyntaxWarning: invalid escape sequence '\s'
<unknown>:1181: SyntaxWarning: invalid escape sequence '\d'
<unknown>:499: SyntaxWarning: invalid escape sequence '\s'
<unknown>:1181: SyntaxWarning: invalid escape sequence '\d'
bip_youtube_dl_24.py MISSING_DEPENDENCY -> MISSING_DEPENDENCY ERROR: Object "m" not found.
bip_youtube_dl_3.py UNSUPPORTED        -> UNSUPPORTED        ERROR: unsupported: non-constant argument in str % formatting
bip_youtube_dl_30.py UNSUPPORTED        -> UNSUPPORTED        external call traceback.format_exception(...) cannot be stubbed
bip_youtube_dl_30.py UNSUPPORTED        -> UNSUPPORTED        external call traceback.format_exception(...) cannot be stubbed
bip_youtube_dl_30.py UNSUPPORTED        -> UNSUPPORTED        entry point is nested inside a function; the harness cannot call it
bip_youtube_dl_30.py GROUNDING_FAILED   -> GROUNDING_FAILED   function 'YoutubeDL.build_format_selector._build_selector_function._merge' not f
bip_youtube_dl_30.py GROUNDING_FAILED   -> GROUNDING_FAILED   function 'YoutubeDL.build_format_selector._build_selector_function._merge' not f
bip_youtube_dl_30.py GROUNDING_FAILED   -> GROUNDING_FAILED   function 'YoutubeDL.build_format_selector._build_selector_function._merge' not f
bip_youtube_dl_4.py MISSING_DEPENDENCY -> MISSING_DEPENDENCY ERROR: Function "opfunc" not found (artifacts/v2/control-fixed-2026-10-06/progra
bip_youtube_dl_4.py MISSING_DEPENDENCY -> MISSING_DEPENDENCY ERROR: Function "opfunc" not found (artifacts/v2/control-fixed-2026-10-06/progra
bip_youtube_dl_4.py MISSING_DEPENDENCY -> MISSING_DEPENDENCY ERROR: Function "opfunc" not found (artifacts/v2/control-fixed-2026-10-06/progra
bip_youtube_dl_4.py MISSING_DEPENDENCY -> MISSING_DEPENDENCY ERROR: Function "opfunc" not found (artifacts/v2/control-fixed-2026-10-06/progra
bip_youtube_dl_4.py MISSING_DEPENDENCY -> MISSING_DEPENDENCY ERROR: Function "opfunc" not found (artifacts/v2/control-fixed-2026-10-06/progra
bip_youtube_dl_4.py MISSING_DEPENDENCY -> GROUNDING_FAILED   suspect expression not found in JSInterpreter.interpret_expression
bip_youtube_dl_4.py MISSING_DEPENDENCY -> MISSING_DEPENDENCY ERROR: Function "opfunc" not found (artifacts/v2/control-fixed-2026-10-06/progra
bip_youtube_dl_4.py MISSING_DEPENDENCY -> MISSING_DEPENDENCY ERROR: Function "opfunc" not found (artifacts/v2/control-fixed-2026-10-06/progra
bip_youtube_dl_4.py MISSING_DEPENDENCY -> MISSING_DEPENDENCY ERROR: Function "opfunc" not found (artifacts/v2/control-fixed-2026-10-06/progra
<unknown>:805: SyntaxWarning: invalid escape sequence '\d'
<unknown>:805: SyntaxWarning: invalid escape sequence '\d'
<unknown>:805: SyntaxWarning: invalid escape sequence '\d'
<unknown>:805: SyntaxWarning: invalid escape sequence '\d'
bip_youtube_dl_41.py NOT_CONFIRMED      -> NOT_CONFIRMED      unwinding assertion loop 108
<unknown>:805: SyntaxWarning: invalid escape sequence '\d'
<unknown>:805: SyntaxWarning: invalid escape sequence '\d'
<unknown>:805: SyntaxWarning: invalid escape sequence '\d'
<unknown>:805: SyntaxWarning: invalid escape sequence '\d'
bip_youtube_dl_41.py NOT_CONFIRMED      -> NOT_CONFIRMED      unwinding assertion loop 108
<unknown>:485: SyntaxWarning: invalid escape sequence '\s'
<unknown>:1147: SyntaxWarning: invalid escape sequence '\d'
bip_youtube_dl_5.py UNSUPPORTED        -> GROUNDING_FAILED   suspect expression not found in unified_timestamp
bip_youtube_dl_8.py UNSUPPORTED        -> UNSUPPORTED        external call traceback.format_exception(...) cannot be stubbed
bip_youtube_dl_8.py UNSUPPORTED        -> UNSUPPORTED        external call traceback.format_exception(...) cannot be stubbed
bip_youtube_dl_8.py UNSUPPORTED        -> UNSUPPORTED        entry point is nested inside a function; the harness cannot call it
bip_youtube_dl_8.py UNSUPPORTED        -> UNSUPPORTED        entry point is nested inside a function; the harness cannot call it
bip_youtube_dl_8.py UNSUPPORTED        -> UNSUPPORTED        entry point is nested inside a function; the harness cannot call it
bip_youtube_dl_8.py GROUNDING_FAILED   -> GROUNDING_FAILED   function 'YoutubeDL.build_format_selector._build_selector_function._merge' not f
bip_youtube_dl_8.py GROUNDING_FAILED   -> GROUNDING_FAILED   function 'YoutubeDL.build_format_selector._build_selector_function._merge' not f
dz_real_01.py    UNSUPPORTED        -> UNSUPPORTED        ERROR: TypeError: 2-D column slicing (a[:, j]) requires a fixed-shape 2-D array 
dz_real_01.py    UNSUPPORTED        -> UNSUPPORTED        ERROR: TypeError: 'float' object is not subscriptable at artifacts/v2/control-fi
dz_real_02.py    MISSING_DEPENDENCY -> MISSING_DEPENDENCY ERROR: Function "ESBMC_mmkey_0" not found (artifacts/v2/control-fixed-2026-10-06
dz_real_02.py    MISSING_DEPENDENCY -> MISSING_DEPENDENCY ERROR: Function "ESBMC_mmkey_0" not found (artifacts/v2/control-fixed-2026-10-06
dz_real_03.py    UNSUPPORTED        -> GROUNDING_FAILED   suspect expression not found in HashExpander.do
dz_real_03.py    UNSUPPORTED        -> UNSUPPORTED        ERROR: [json.exception.type_error.306] cannot use value() with null
dz_real_03.py    UNSUPPORTED        -> UNSUPPORTED        ERROR: [json.exception.type_error.306] cannot use value() with null
dz_real_03.py    UNSUPPORTED        -> UNSUPPORTED        ERROR: [json.exception.type_error.306] cannot use value() with null
dz_real_04.py    GROUNDING_FAILED   -> GROUNDING_FAILED   suspect expression not found in interpolate_bilinear_2x_fwd
io_real_01.py    SPEC_FAILED        -> UNSUPPORTED        ERROR: Cannot unpack empty - only tuples and arrays can be unpacked
<unknown>:369: SyntaxWarning: invalid escape sequence '\s'
<unknown>:945: SyntaxWarning: invalid escape sequence '\d'
<unknown>:369: SyntaxWarning: invalid escape sequence '\s'
<unknown>:945: SyntaxWarning: invalid escape sequence '\d'
ip_real_07.py    UNSUPPORTED        -> UNSUPPORTED        ERROR: unsupported: non-constant argument in str % formatting
ip_real_10.py    OTHER_FAILURE      -> OTHER_FAILURE      dereference failure: NULL pointer; unwinding assertion loop 131; uncaught except
ip_real_11.py    UNSUPPORTED        -> UNSUPPORTED        async entry point is not supported
ip_real_14.py    UNSUPPORTED        -> GROUNDING_FAILED   suspect expression not found in TimeseriesGenerator.__len__
ip_real_16.py    UNSUPPORTED        -> UNSUPPORTED        ERROR: NameError: name 'DataFrame' is not defined
ip_real_17.py    UNSUPPORTED        -> UNSUPPORTED        ERROR: Dictionary variable not found: http_RESPONSES
ip_real_17.py    UNSUPPORTED        -> GROUNDING_FAILED   suspect expression not found in response_status_message
ip_real_18.py    MISSING_DEPENDENCY -> MISSING_DEPENDENCY ERROR: Function "localize" not found (artifacts/v2/control-fixed-2026-10-06/prog
ip_real_18.py    MISSING_DEPENDENCY -> MISSING_DEPENDENCY ERROR: Function "localize" not found (artifacts/v2/control-fixed-2026-10-06/prog
ip_real_19.py    UNSUPPORTED        -> GROUNDING_FAILED   suspect expression not found in VersionInfo.__getitem__
ip_real_20.py    UNSUPPORTED        -> GROUNDING_FAILED   suspect expression not found in generate_sub_moved_events
ip_real_21.py    MISSING_DEPENDENCY -> GROUNDING_FAILED   suspect expression not found in SortedDict.__eq__
ip_real_21.py    MISSING_DEPENDENCY -> UNSUPPORTED        ERROR: Could not resolve type of receiver in member call '._list.remove()'. Add 
ip_real_21.py    MISSING_DEPENDENCY -> GROUNDING_FAILED   suspect expression not found in SortedDict.__ne__
ip_real_21.py    MISSING_DEPENDENCY -> UNSUPPORTED        ERROR: Could not resolve type of receiver in member call '._list.remove()'. Add 
ip_real_22.py    ESBMC_TIMEOUT      -> SPEC_FAILED        The JSON was rejected: stub 'command.script_parts': missing return type
ip_real_26.py    UNSUPPORTED        -> UNSUPPORTED        ERROR: update() argument must be a dict in ESBMC model
ip_real_28.py    UNSUPPORTED        -> GROUNDING_FAILED   suspect expression not found in IOLoop.initialize
<unknown>:337: SyntaxWarning: invalid escape sequence '\d'
<unknown>:457: SyntaxWarning: invalid escape sequence '\s'
<unknown>:459: SyntaxWarning: invalid escape sequence '\s'
<unknown>:461: SyntaxWarning: invalid escape sequence '\s'
<unknown>:542: SyntaxWarning: invalid escape sequence '\]'
<unknown>:817: SyntaxWarning: invalid escape sequence '\d'
<unknown>:939: SyntaxWarning: invalid escape sequence '\+'
<unknown>:337: SyntaxWarning: invalid escape sequence '\d'
<unknown>:457: SyntaxWarning: invalid escape sequence '\s'
<unknown>:459: SyntaxWarning: invalid escape sequence '\s'
<unknown>:461: SyntaxWarning: invalid escape sequence '\s'
<unknown>:542: SyntaxWarning: invalid escape sequence '\]'
<unknown>:817: SyntaxWarning: invalid escape sequence '\d'
<unknown>:939: SyntaxWarning: invalid escape sequence '\+'
<unknown>:60: SyntaxWarning: invalid escape sequence '\s'
<unknown>:62: SyntaxWarning: invalid escape sequence '\s'
<unknown>:64: SyntaxWarning: invalid escape sequence '\s'
ip_real_32.py    UNSUPPORTED        -> UNSUPPORTED        input 'd_m_y': the code unpacks it into 3 names, so it needs tuple[...] with 3 i
<unknown>:337: SyntaxWarning: invalid escape sequence '\d'
<unknown>:457: SyntaxWarning: invalid escape sequence '\s'
<unknown>:459: SyntaxWarning: invalid escape sequence '\s'
<unknown>:461: SyntaxWarning: invalid escape sequence '\s'
<unknown>:542: SyntaxWarning: invalid escape sequence '\]'
<unknown>:817: SyntaxWarning: invalid escape sequence '\d'
<unknown>:939: SyntaxWarning: invalid escape sequence '\+'
<unknown>:337: SyntaxWarning: invalid escape sequence '\d'
<unknown>:457: SyntaxWarning: invalid escape sequence '\s'
<unknown>:459: SyntaxWarning: invalid escape sequence '\s'
<unknown>:461: SyntaxWarning: invalid escape sequence '\s'
<unknown>:542: SyntaxWarning: invalid escape sequence '\]'
<unknown>:817: SyntaxWarning: invalid escape sequence '\d'
<unknown>:939: SyntaxWarning: invalid escape sequence '\+'
<unknown>:60: SyntaxWarning: invalid escape sequence '\s'
<unknown>:62: SyntaxWarning: invalid escape sequence '\s'
<unknown>:64: SyntaxWarning: invalid escape sequence '\s'
ip_real_32.py    UNSUPPORTED        -> UNSUPPORTED        input 'd_m_y': the code unpacks it into 3 names, so it needs tuple[...] with 3 i
<unknown>:337: SyntaxWarning: invalid escape sequence '\d'
<unknown>:457: SyntaxWarning: invalid escape sequence '\s'
<unknown>:459: SyntaxWarning: invalid escape sequence '\s'
<unknown>:461: SyntaxWarning: invalid escape sequence '\s'
<unknown>:542: SyntaxWarning: invalid escape sequence '\]'
<unknown>:817: SyntaxWarning: invalid escape sequence '\d'
<unknown>:939: SyntaxWarning: invalid escape sequence '\+'
<unknown>:337: SyntaxWarning: invalid escape sequence '\d'
<unknown>:457: SyntaxWarning: invalid escape sequence '\s'
<unknown>:459: SyntaxWarning: invalid escape sequence '\s'
<unknown>:461: SyntaxWarning: invalid escape sequence '\s'
<unknown>:542: SyntaxWarning: invalid escape sequence '\]'
<unknown>:817: SyntaxWarning: invalid escape sequence '\d'
<unknown>:939: SyntaxWarning: invalid escape sequence '\+'
<unknown>:60: SyntaxWarning: invalid escape sequence '\s'
<unknown>:62: SyntaxWarning: invalid escape sequence '\s'
<unknown>:64: SyntaxWarning: invalid escape sequence '\s'
ip_real_32.py    UNSUPPORTED        -> UNSUPPORTED        input 'd_m_y': the code unpacks it into 3 names, so it needs tuple[...] with 3 i
<unknown>:337: SyntaxWarning: invalid escape sequence '\d'
<unknown>:457: SyntaxWarning: invalid escape sequence '\s'
<unknown>:459: SyntaxWarning: invalid escape sequence '\s'
<unknown>:461: SyntaxWarning: invalid escape sequence '\s'
<unknown>:542: SyntaxWarning: invalid escape sequence '\]'
<unknown>:817: SyntaxWarning: invalid escape sequence '\d'
<unknown>:939: SyntaxWarning: invalid escape sequence '\+'
<unknown>:337: SyntaxWarning: invalid escape sequence '\d'
<unknown>:457: SyntaxWarning: invalid escape sequence '\s'
<unknown>:459: SyntaxWarning: invalid escape sequence '\s'
<unknown>:461: SyntaxWarning: invalid escape sequence '\s'
<unknown>:542: SyntaxWarning: invalid escape sequence '\]'
<unknown>:817: SyntaxWarning: invalid escape sequence '\d'
<unknown>:939: SyntaxWarning: invalid escape sequence '\+'
<unknown>:60: SyntaxWarning: invalid escape sequence '\s'
<unknown>:62: SyntaxWarning: invalid escape sequence '\s'
<unknown>:64: SyntaxWarning: invalid escape sequence '\s'
ip_real_32.py    UNSUPPORTED        -> UNSUPPORTED        input 'd_m_y': the code unpacks it into 3 names, so it needs tuple[...] with 3 i
<unknown>:337: SyntaxWarning: invalid escape sequence '\d'
<unknown>:457: SyntaxWarning: invalid escape sequence '\s'
<unknown>:459: SyntaxWarning: invalid escape sequence '\s'
<unknown>:461: SyntaxWarning: invalid escape sequence '\s'
<unknown>:542: SyntaxWarning: invalid escape sequence '\]'
<unknown>:817: SyntaxWarning: invalid escape sequence '\d'
<unknown>:939: SyntaxWarning: invalid escape sequence '\+'
<unknown>:337: SyntaxWarning: invalid escape sequence '\d'
<unknown>:457: SyntaxWarning: invalid escape sequence '\s'
<unknown>:459: SyntaxWarning: invalid escape sequence '\s'
<unknown>:461: SyntaxWarning: invalid escape sequence '\s'
<unknown>:542: SyntaxWarning: invalid escape sequence '\]'
<unknown>:817: SyntaxWarning: invalid escape sequence '\d'
<unknown>:939: SyntaxWarning: invalid escape sequence '\+'
<unknown>:60: SyntaxWarning: invalid escape sequence '\s'
<unknown>:62: SyntaxWarning: invalid escape sequence '\s'
<unknown>:64: SyntaxWarning: invalid escape sequence '\s'
ip_real_32.py    UNSUPPORTED        -> UNSUPPORTED        input 'd_m_y': the code unpacks it into 3 names, so it needs tuple[...] with 3 i
<unknown>:337: SyntaxWarning: invalid escape sequence '\d'
<unknown>:457: SyntaxWarning: invalid escape sequence '\s'
<unknown>:459: SyntaxWarning: invalid escape sequence '\s'
<unknown>:461: SyntaxWarning: invalid escape sequence '\s'
<unknown>:542: SyntaxWarning: invalid escape sequence '\]'
<unknown>:817: SyntaxWarning: invalid escape sequence '\d'
<unknown>:939: SyntaxWarning: invalid escape sequence '\+'
<unknown>:337: SyntaxWarning: invalid escape sequence '\d'
<unknown>:457: SyntaxWarning: invalid escape sequence '\s'
<unknown>:459: SyntaxWarning: invalid escape sequence '\s'
<unknown>:461: SyntaxWarning: invalid escape sequence '\s'
<unknown>:542: SyntaxWarning: invalid escape sequence '\]'
<unknown>:817: SyntaxWarning: invalid escape sequence '\d'
<unknown>:939: SyntaxWarning: invalid escape sequence '\+'
<unknown>:60: SyntaxWarning: invalid escape sequence '\s'
<unknown>:62: SyntaxWarning: invalid escape sequence '\s'
<unknown>:64: SyntaxWarning: invalid escape sequence '\s'
ip_real_32.py    UNSUPPORTED        -> UNSUPPORTED        input 'd_m_y': the code unpacks it into 3 names, so it needs tuple[...] with 3 i
ir_real_01.py    MISSING_DEPENDENCY -> MISSING_DEPENDENCY undefined name(s): __ESBMC_exp, __ESBMC_pow, __ESBMC_sqrt
ir_real_01.py    MISSING_DEPENDENCY -> MISSING_DEPENDENCY undefined name(s): __ESBMC_exp, __ESBMC_pow, __ESBMC_sqrt
ir_real_01.py    MISSING_DEPENDENCY -> GROUNDING_FAILED   suspect expression not found in gamma
ir_real_01.py    MISSING_DEPENDENCY -> MISSING_DEPENDENCY undefined name(s): __ESBMC_log
<unknown>:33: SyntaxWarning: invalid escape sequence '\d'
<unknown>:33: SyntaxWarning: invalid escape sequence '\d'
ir_real_03.py    CONFIRMED          -> CONFIRMED          unwinding assertion loop 131; uncaught exception: IndexError
nm_real_01.py    UNSUPPORTED        -> UNSUPPORTED        ERROR: TypeError at artifacts/v2/control-fixed-2026-10-06/programs/4c8f07cc2ff5_
nm_real_01.py    UNSUPPORTED        -> UNSUPPORTED        ERROR: TypeError at artifacts/v2/control-fixed-2026-10-06/programs/4c8f07cc2ff5_
nm_real_02.py    MISSING_DEPENDENCY -> MISSING_DEPENDENCY ERROR: Object "tqdm" not found.
nm_real_02.py    MISSING_DEPENDENCY -> MISSING_DEPENDENCY ERROR: Object "tqdm" not found.
nm_real_02.py    GROUNDING_FAILED   -> GROUNDING_FAILED   suspect expression not found in tqdm.format_meter
nm_real_02.py    MISSING_DEPENDENCY -> MISSING_DEPENDENCY ERROR: Object "tqdm" not found.
nm_real_03.py    UNSUPPORTED        -> UNSUPPORTED        ERROR: TypeError at artifacts/v2/control-fixed-2026-10-06/programs/16e44326f467_
nm_real_03.py    UNSUPPORTED        -> GROUNDING_FAILED   suspect expression not found in FacebookIE._real_extract
nm_real_03.py    UNSUPPORTED        -> UNSUPPORTED        ERROR: TypeError at artifacts/v2/control-fixed-2026-10-06/programs/ed3cd5f8201e_
nm_real_03.py    UNSUPPORTED        -> UNSUPPORTED        ERROR: TypeError at artifacts/v2/control-fixed-2026-10-06/programs/043d3f7769de_
nm_real_03.py    GROUNDING_FAILED   -> GROUNDING_FAILED   suspect expression not found in FacebookIE._real_extract
nm_real_04.py    SPEC_FAILED        -> SPEC_FAILED        The JSON was rejected: assumption 'len(spider.allowed_domains) == 2' reads an at
nm_real_06.py    UNSUPPORTED        -> SPEC_FAILED        The JSON was rejected: stub 'objcls.__qualname__': missing return type
nm_real_07.py    UNSUPPORTED        -> UNSUPPORTED        ERROR: function call: argument "py:artifacts/v2/control-fixed-2026-10-06/program
nm_real_07.py    UNSUPPORTED        -> UNSUPPORTED        ERROR: function call: argument "py:artifacts/v2/control-fixed-2026-10-06/program
nm_real_08.py    UNSUPPORTED        -> UNSUPPORTED        ERROR: Cannot resolve nested attribute: __dict__
nm_real_11.py    MISSING_DEPENDENCY -> UNSUPPORTED        ERROR: uncaught exception [16irep2_cast_error]: irep2: struct_union_member_names
nm_real_12.py    UNSUPPORTED        -> UNSUPPORTED        ERROR: Cannot resolve nested attribute: next
nm_real_12.py    UNSUPPORTED        -> UNSUPPORTED        ERROR: Cannot resolve nested attribute: next
nm_real_14.py    ESBMC_ERROR        -> GROUNDING_FAILED   suspect expression not found in request_httprepr
nm_real_15.py    UNSUPPORTED        -> UNSUPPORTED        external call run_in_threadpool(...) uses *args/**kwargs
<unknown>:487: SyntaxWarning: invalid escape sequence '\S'
<unknown>:1813: SyntaxWarning: invalid escape sequence '\g'
<unknown>:487: SyntaxWarning: invalid escape sequence '\S'
<unknown>:1813: SyntaxWarning: invalid escape sequence '\g'
<unknown>:430: SyntaxWarning: invalid escape sequence '\S'
<unknown>:1750: SyntaxWarning: invalid escape sequence '\g'
<unknown>:430: SyntaxWarning: invalid escape sequence '\S'
nm_real_20.py    UNSUPPORTED        -> UNSUPPORTED        ERROR: Type inference failed for Assign at line 570
<unknown>:487: SyntaxWarning: invalid escape sequence '\S'
<unknown>:1813: SyntaxWarning: invalid escape sequence '\g'
<unknown>:487: SyntaxWarning: invalid escape sequence '\S'
<unknown>:1813: SyntaxWarning: invalid escape sequence '\g'
<unknown>:430: SyntaxWarning: invalid escape sequence '\S'
<unknown>:1750: SyntaxWarning: invalid escape sequence '\g'
<unknown>:430: SyntaxWarning: invalid escape sequence '\S'
nm_real_20.py    UNSUPPORTED        -> UNSUPPORTED        ERROR: Type inference failed for Assign at line 570
<unknown>:487: SyntaxWarning: invalid escape sequence '\S'
<unknown>:1813: SyntaxWarning: invalid escape sequence '\g'
<unknown>:487: SyntaxWarning: invalid escape sequence '\S'
<unknown>:1813: SyntaxWarning: invalid escape sequence '\g'
<unknown>:430: SyntaxWarning: invalid escape sequence '\S'
<unknown>:1750: SyntaxWarning: invalid escape sequence '\g'
<unknown>:430: SyntaxWarning: invalid escape sequence '\S'
nm_real_20.py    SPEC_FAILED        -> SPEC_FAILED        The JSON was rejected: not JSON: Expecting value
nm_real_23.py    UNSUPPORTED        -> UNSUPPORTED        ERROR: Cannot infer type for class attribute '_ws_only_line_re' in class 'Markdo
nm_real_25.py    UNSUPPORTED        -> GROUNDING_FAILED   suspect expression not found in HTTP1Connection._can_keep_alive
oob_real_01.py   CONFIRMED          -> GROUNDING_FAILED   suspect expression not found in get_new_command
oob_real_01.py   CONFIRMED          -> GROUNDING_FAILED   suspect expression not found in get_new_command
oob_real_02.py   CONFIRMED          -> GROUNDING_FAILED   suspect expression not found in match
oob_real_03.py   ESBMC_TIMEOUT      -> ESBMC_TIMEOUT      ESBMC direto excedeu o tempo limite de 180s.
oob_real_03.py   ESBMC_TIMEOUT      -> ESBMC_TIMEOUT      ESBMC direto excedeu o tempo limite de 180s.
oob_real_05.py   UNSUPPORTED        -> GROUNDING_FAILED   suspect expression not found in lib2to3_parse
oob_real_06.py   GROUNDING_FAILED   -> GROUNDING_FAILED   suspect expression not found in merge_configs
oob_real_06.py   ESBMC_TIMEOUT      -> ESBMC_TIMEOUT      ESBMC direto excedeu o tempo limite de 180s.
oob_real_09.py   UNSUPPORTED        -> UNSUPPORTED        ERROR: Cannot infer type for class attribute '_split_decimal' in class '_timelex
oob_real_10.py   UNSUPPORTED        -> GROUNDING_FAILED   suspect expression not found in _wrap_text_to_colwidths
oob_real_10.py   UNSUPPORTED        -> UNSUPPORTED        external call textwrap_TextWrapper.__init__(...) cannot be stubbed
oob_real_11.py   UNSUPPORTED        -> UNSUPPORTED        ERROR: Type inference failed for Assign at line 121
oob_real_12.py   ESBMC_TIMEOUT      -> ESBMC_TIMEOUT      ESBMC direto excedeu o tempo limite de 180s.
oob_real_13.py   UNSUPPORTED        -> GROUNDING_FAILED   suspect expression not found in tokenize
oob_real_14.py   MISSING_DEPENDENCY -> MISSING_DEPENDENCY ERROR: Object "name" not found.
<unknown>:369: SyntaxWarning: invalid escape sequence '\s'
<unknown>:975: SyntaxWarning: invalid escape sequence '\d'
oob_real_15.py   MISSING_DEPENDENCY -> GROUNDING_FAILED   suspect expression not found in dfxp2srt
<unknown>:369: SyntaxWarning: invalid escape sequence '\s'
<unknown>:975: SyntaxWarning: invalid escape sequence '\d'
oob_real_15.py   MISSING_DEPENDENCY -> GROUNDING_FAILED   suspect expression not found in dfxp2srt
tm_real_01.py    UNSUPPORTED        -> UNSUPPORTED        ERROR: Unsupported expression Starred at line 26
tm_real_01.py    UNSUPPORTED        -> UNSUPPORTED        ERROR: Unsupported expression Starred at line 26
tm_real_01.py    UNSUPPORTED        -> UNSUPPORTED        ERROR: Unsupported expression Starred at line 26
tm_real_04.py    UNVALIDATED        -> NOT_CONFIRMED      no_vcc_generated
tm_real_04.py    OTHER_FAILURE      -> NOT_CONFIRMED      no_vcc_generated
tm_real_05.py    UNSUPPORTED        -> UNSUPPORTED        external call MIMENonMultipart(...) uses *args/**kwargs
tm_real_05.py    UNSUPPORTED        -> UNSUPPORTED        external call MIMENonMultipart(...) uses *args/**kwargs
tm_real_05.py    GROUNDING_FAILED   -> GROUNDING_FAILED   suspect expression not found in MailSender.send
tm_real_09.py    UNSUPPORTED        -> NOT_CONFIRMED      no_violation_found
tm_real_10.py    UNSUPPORTED        -> GROUNDING_FAILED   suspect expression not found in MetricsHandler.get
tm_real_13.py    UNSUPPORTED        -> UNSUPPORTED        ERROR: Variable 'kwargs' is not defined in function 'BaseItemExporter' at line 4
tm_real_13.py    GROUNDING_FAILED   -> GROUNDING_FAILED   function 'XmlItemExporter._xg_characters' not found (or ambiguous)
tm_real_13.py    GROUNDING_FAILED   -> GROUNDING_FAILED   function 'XmlItemExporter._xg_characters' not found (or ambiguous)
vm_real_01.py    MISSING_DEPENDENCY -> MISSING_DEPENDENCY ERROR: Object "tqdm" not found.
vm_real_01.py    MISSING_DEPENDENCY -> GROUNDING_FAILED   suspect expression not found in tqdm.format_meter
vm_real_02.py    UNSUPPORTED        -> UNSUPPORTED        TypeError: __init__() takes 1 positional argument but 2 were given
vm_real_02.py    UNSUPPORTED        -> UNSUPPORTED        TypeError: __init__() takes 1 positional argument but 2 were given
vm_real_02.py    UNSUPPORTED        -> UNSUPPORTED        TypeError: __init__() takes 1 positional argument but 2 were given

 {'UNSUPPORTED': 106, 'GROUNDING_FAILED': 53, 'MISSING_DEPENDENCY': 33, 'NOT_CONFIRMED': 10, 'SPEC_FAILED': 9, 'ESBMC_ERROR': 7, 'OTHER_FAILURE': 4, 'ESBMC_TIMEOUT': 4, 'UNVALIDATED': 2, 'CONFIRMED': 1}
