ESBMC version 8.3.0 64-bit x86_64 linux

Target: 64-bit little-endian x86_64-unknown-linux with esbmclibc
Parsing dataset/labeled/ok/clean/clean_10.py
Converting
Generating GOTO Program
GOTO program creation time: 4.533s
GOTO program processing time: 0.012s
Checking base case, k = 1
Starting Bounded Model Checking
Symex completed in: 0.002s (77 assignments)
Caching time: 0.000s (removed 0 assertions)
Slicing time: 0.000s (removed 77 assignments)
Generated 0 VCC(s), 0 remaining after simplification (0 assignments)
BMC program time: 0.002s
No bug has been found in the base case
Checking forward condition, k = 1
Starting Bounded Model Checking
Symex completed in: 0.001s (77 assignments)
Slicing time: 0.000s (removed 77 assignments)
Generated 0 VCC(s), 0 remaining after simplification (0 assignments)
BMC program time: 0.001s

VERIFICATION SUCCESSFUL

Solution found by the forward condition; all states are reachable (k = 1)
