ESBMC version 8.3.0 64-bit x86_64 linux

Target: 64-bit little-endian x86_64-unknown-linux with esbmclibc
Parsing dataset/labeled/ok/bugs/out_of_bounds/oob_07.py
Converting
Generating GOTO Program
GOTO program creation time: 4.732s
GOTO program processing time: 0.011s
Checking base case, k = 1
Starting Bounded Model Checking
Symex completed in: 0.002s (98 assignments)
Caching time: 0.000s (removed 3 assertions)
Slicing time: 0.000s (removed 72 assignments)
Generated 18 VCC(s), 9 remaining after simplification (23 assignments)
No solver specified; defaulting to z3
Encoding remaining VCC(s) using bit-vector/floating-point arithmetic
Encoding to solver time: 0.001s
Solving with solver Z3 v4.8.12
Runtime decision procedure: 0.010s
Building error trace

[Counterexample]


State 1 file dataset/labeled/ok/bugs/out_of_bounds/oob_07.py line 1 column 0 thread 0
----------------------------------------------------
  values = invalid-object

State 2 file dataset/labeled/ok/bugs/out_of_bounds/oob_07.py line 1 column 0 thread 0
----------------------------------------------------
  index = 0 (00000000 00000000 00000000 00000000 00000000 00000000 00000000 00000000)

State 4 file /build/esbmc-M50sFE/esbmc-8.3.0+dfsg/src/c2goto/library/python/list.c line 61 column 3 function __ESBMC_list_size thread 0
----------------------------------------------------
Violated property:
  file /build/esbmc-M50sFE/esbmc-8.3.0+dfsg/src/c2goto/library/python/list.c line 61 column 3 function __ESBMC_list_size
  dereference failure: invalid pointer
  CWE: CWE-416, CWE-822, CWE-824, CWE-908


VERIFICATION FAILED

Bug found (k = 1)
