
Modo V2 — etapa 1: detecção em 104 arquivo(s)
  [1/104] Analisando av_real_01.py::cli_bool_option...
  [2/104] Analisando av_real_02.py::WebSocketHandler.set_nodelay...
  [3/104] Analisando av_real_03.py::Series.to_timestamp...
  [4/104] Analisando av_real_05.py::tqdm.__init__...
  [5/104] Analisando av_real_07.py::match...
  [6/104] Analisando av_real_09.py::_make_getset_interval...
  [6/104] Analisando av_real_09.py::_make_getset_interval.getter...
  [6/104] Analisando av_real_09.py::_make_getset_interval.setter...
  [7/104] Analisando av_real_11.py::HTTP1Connection._read_body...
  [8/104] Analisando av_real_14.py::get_new_command...
  [9/104] Analisando av_real_17.py::unified_strdate...
  [10/104] Analisando dz_real_01.py::makeMappingArray...
  [11/104] Analisando dz_real_02.py::ExactLanguageSearch.choose_best_split...
  [12/104] Analisando dz_real_03.py::HashExpander.do...
  [13/104] Analisando dz_real_04.py::interpolate_bilinear_2x_fwd...
  [14/104] Analisando io_real_01.py::nonsingular...
  [15/104] Analisando io_real_02.py::integer_squareroot...
  [16/104] Analisando ip_real_01.py::Request._set_url...
  [17/104] Analisando ip_real_03.py::Selector.__init__...
  [18/104] Analisando ip_real_04.py::HTTP1Connection.write_headers...
  [19/104] Analisando ip_real_05.py::_Alpha.__gt__...
  [19/104] Analisando ip_real_05.py::_Alpha.__ge__...
  [19/104] Analisando ip_real_05.py::_Numeric.__gt__...
  [19/104] Analisando ip_real_05.py::_Numeric.__ge__...
  [20/104] Analisando ip_real_06.py::_unstack_multiple...
  [21/104] Analisando ip_real_07.py::_htmlentity_transform...
  [22/104] Analisando ip_real_10.py::_get_spider_loader...
  [23/104] Analisando ip_real_11.py::HTTPBearer.__call__...
  [24/104] Analisando ip_real_13.py::StaticFileHandler.get...
  [25/104] Analisando ip_real_14.py::TimeseriesGenerator.__len__...
  [26/104] Analisando ip_real_15.py::EmptyLineTracker.maybe_empty_lines...

Modo V2 — etapa 1: detecção em 104 arquivo(s)
  [1/104] Retomada: av_real_01.py::cli_bool_option
  [2/104] Retomada: av_real_02.py::WebSocketHandler.set_nodelay
  [3/104] Retomada: av_real_03.py::Series.to_timestamp
  [4/104] Retomada: av_real_05.py::tqdm.__init__
  [5/104] Retomada: av_real_07.py::match
  [6/104] Retomada: av_real_09.py::_make_getset_interval
  [6/104] Retomada: av_real_09.py::_make_getset_interval.getter
  [6/104] Retomada: av_real_09.py::_make_getset_interval.setter
  [7/104] Retomada: av_real_11.py::HTTP1Connection._read_body
  [8/104] Retomada: av_real_14.py::get_new_command
  [9/104] Retomada: av_real_17.py::unified_strdate
  [10/104] Retomada: dz_real_01.py::makeMappingArray
  [11/104] Retomada: dz_real_02.py::ExactLanguageSearch.choose_best_split
  [12/104] Retomada: dz_real_03.py::HashExpander.do
  [13/104] Retomada: dz_real_04.py::interpolate_bilinear_2x_fwd
  [14/104] Retomada: io_real_01.py::nonsingular
  [15/104] Retomada: io_real_02.py::integer_squareroot
  [16/104] Retomada: ip_real_01.py::Request._set_url
  [17/104] Retomada: ip_real_03.py::Selector.__init__
  [18/104] Retomada: ip_real_04.py::HTTP1Connection.write_headers
  [19/104] Retomada: ip_real_05.py::_Alpha.__gt__
  [19/104] Retomada: ip_real_05.py::_Alpha.__ge__
  [19/104] Retomada: ip_real_05.py::_Numeric.__gt__
  [19/104] Retomada: ip_real_05.py::_Numeric.__ge__
  [20/104] Retomada: ip_real_06.py::_unstack_multiple
  [21/104] Retomada: ip_real_07.py::_htmlentity_transform
  [22/104] Retomada: ip_real_10.py::_get_spider_loader
  [23/104] Analisando ip_real_11.py::HTTPBearer.__call__...
  [24/104] Retomada: ip_real_13.py::StaticFileHandler.get
  [25/104] Analisando ip_real_14.py::TimeseriesGenerator.__len__...
  [26/104] Analisando ip_real_15.py::EmptyLineTracker.maybe_empty_lines...
  [27/104] Analisando ip_real_16.py::pivot...
  [28/104] Analisando ip_real_17.py::response_status_message...
  [29/104] Analisando ip_real_18.py::croniter._get_low_from_current_date_number...
  [30/104] Analisando ip_real_19.py::VersionInfo.__getitem__...
  [31/104] Analisando ip_real_20.py::generate_sub_moved_events...
  [32/104] Analisando ip_real_21.py::SortedDict.__eq__...
  [32/104] Analisando ip_real_21.py::SortedDict.__ne__...
  [33/104] Analisando ip_real_22.py::match...
  [34/104] Analisando ip_real_23.py::Task.to_str_params...
  [35/104] Analisando ip_real_24.py::CentralPlannerScheduler.get_work...
  [36/104] Analisando ip_real_25.py::SimpleTaskState.get_necessary_tasks...
  [37/104] Analisando ip_real_26.py::Scheduler.add_task...
  [38/104] Analisando ip_real_28.py::IOLoop.initialize...
  [39/104] Analisando ip_real_32.py::date_convert...
<unknown>:9: SyntaxWarning: invalid escape sequence '\s'
<unknown>:11: SyntaxWarning: invalid escape sequence '\s'
<unknown>:13: SyntaxWarning: invalid escape sequence '\s'
  [40/104] Analisando ip_real_33.py::send2trash...
  [41/104] Analisando ip_real_34.py::find_hook...
  [41/104] Analisando ip_real_34.py::run_hook...
  [42/104] Analisando ir_real_01.py::gamma...
  [42/104] Analisando ir_real_01.py::lgamma...
  [43/104] Analisando ir_real_02.py::module-level...
  [44/104] Analisando ir_real_03.py::try_match_char_class_range...
  [45/104] Analisando ir_real_05.py::string_to_int...
  [46/104] Analisando nm_real_01.py::Session.update_headers...
  [47/104] Analisando nm_real_02.py::tqdm.format_meter...
  [48/104] Analisando nm_real_03.py::FacebookIE._real_extract...
  [49/104] Analisando nm_real_04.py::OffsiteMiddleware.get_host_regex...
  [50/104] Analisando nm_real_05.py::Response.follow...
  [51/104] Analisando nm_real_06.py::create_instance...
  [52/104] Analisando nm_real_07.py::url_concat...
  [53/104] Analisando nm_real_08.py::Request.url_for...
  [54/104] Analisando nm_real_09.py::tqdm.__len__...
  [55/104] Analisando nm_real_10.py::S3CopyToTable.copy...
  [56/104] Analisando nm_real_11.py::LocalCache.__setitem__...
  [57/104] Analisando nm_real_12.py::PamdService.remove...
  [58/104] Analisando nm_real_13.py::AsyncHTTPClient.close...
  [59/104] Analisando nm_real_14.py::request_httprepr...
  [60/104] Analisando nm_real_15.py::APIRouter.include_router...
  [61/104] Analisando nm_real_17.py::_type...
  [62/104] Analisando nm_real_18.py::after_log...
  [62/104] Analisando nm_real_18.py::after_log.log_it...
  [63/104] Analisando nm_real_19.py::IsFile...
  [64/104] Analisando nm_real_20.py::engine.numwords...
  [65/104] Analisando nm_real_21.py::_Projection.get_index...
  [66/104] Analisando nm_real_22.py::run...
  [67/104] Analisando nm_real_23.py::Markdown._html_class_str_from_tag...
  [68/104] Analisando nm_real_24.py::reformat_many...
  [69/104] Analisando nm_real_25.py::HTTP1Connection._can_keep_alive...
  [70/104] Analisando oob_real_01.py::get_new_command...
  [71/104] Analisando oob_real_02.py::match...
  [72/104] Analisando oob_real_03.py::get_new_command...
  [73/104] Analisando oob_real_04.py::SortedCorrectedCommandsSequence._realise...
  [74/104] Analisando oob_real_05.py::lib2to3_parse...
  [75/104] Analisando oob_real_06.py::merge_configs...
  [76/104] Analisando oob_real_09.py::parser._parse...
  [77/104] Analisando oob_real_10.py::_wrap_text_to_colwidths...
  [78/104] Analisando oob_real_11.py::wcswidth...
  [79/104] Analisando oob_real_12.py::fast_float...
  [80/104] Analisando oob_real_13.py::tokenize...
  [81/104] Analisando oob_real_14.py::LinuxDistribution._parse_uname_content...
  [82/104] Analisando oob_real_15.py::dfxp2srt...
  [82/104] Analisando oob_real_15.py::dfxp2srt.parse_node...
  [83/104] Analisando oob_real_16.py::IndexedSet._get_real_index...
  [83/104] Analisando oob_real_16.py::IndexedSet.__getitem__...
  [84/104] Analisando tm_real_01.py::read_conllx...
  [85/104] Analisando tm_real_02.py::HiveCommandClient.table_exists...
  [86/104] Analisando tm_real_03.py::_match_one...
  [87/104] Analisando tm_real_04.py::str_to_int...
  [88/104] Analisando tm_real_05.py::MailSender.send...
  [89/104] Analisando tm_real_06.py::ContractsManager._clean_req...
  [89/104] Analisando tm_real_06.py::ContractsManager._clean_req.eb_wrapper...
  [90/104] Analisando tm_real_07.py::MarkerStyle._recache...
  [91/104] Analisando tm_real_08.py::simple_separated_format...
  [92/104] Analisando tm_real_09.py::_format...
  [93/104] Analisando tm_real_10.py::MetricsHandler.get...
  [94/104] Analisando tm_real_11.py::sitemap_urls_from_robots...
  [94/104] Analisando tm_real_11.py::SitemapSpider._parse_sitemap...
  [95/104] Analisando tm_real_12.py::S3CopyToTable.s3_load_path...
  [95/104] Analisando tm_real_12.py::S3CopyToTable.run...
  [96/104] Analisando tm_real_13.py::XmlItemExporter._export_xml_field...
  [96/104] Analisando tm_real_13.py::XmlItemExporter._xg_characters...
  [97/104] Analisando vm_real_01.py::tqdm.format_meter...
  [98/104] Analisando vm_real_02.py::Schema.validate...
  [99/104] Analisando vm_real_03.py::_pipe...
  [99/104] Analisando vm_real_03.py::Language.pipe...
  [100/104] Analisando vm_real_04.py::YoutubeDL._build_format_filter...
  [101/104] Analisando vm_real_05.py::LocalFileSystem.mkdir...
  [101/104] Analisando vm_real_05.py::LocalFileSystem.move...
  [102/104] Analisando vm_real_06.py::CrawlerRunner.__init__...
  [102/104] Analisando vm_real_06.py::CrawlerProcess.__init__...
  [103/104] Analisando vm_real_07.py::fit_generator...
  [104/104] Analisando vm_real_08.py::get_write_function...
  [104/104] Analisando vm_real_08.py::get_write_function.write...
  [104/104] Analisando vm_real_08.py::get_write_function.write...
Execução V2 parcial na detecção; retome com --resume.

Modo V2 — etapa 1: detecção em 104 arquivo(s)
  [1/104] Retomada: av_real_01.py::cli_bool_option
  [2/104] Retomada: av_real_02.py::WebSocketHandler.set_nodelay
  [3/104] Retomada: av_real_03.py::Series.to_timestamp
  [4/104] Retomada: av_real_05.py::tqdm.__init__
  [5/104] Retomada: av_real_07.py::match
  [6/104] Retomada: av_real_09.py::_make_getset_interval
  [6/104] Retomada: av_real_09.py::_make_getset_interval.getter
  [6/104] Retomada: av_real_09.py::_make_getset_interval.setter
  [7/104] Retomada: av_real_11.py::HTTP1Connection._read_body
  [8/104] Retomada: av_real_14.py::get_new_command
  [9/104] Retomada: av_real_17.py::unified_strdate
  [10/104] Retomada: dz_real_01.py::makeMappingArray
  [11/104] Retomada: dz_real_02.py::ExactLanguageSearch.choose_best_split
  [12/104] Retomada: dz_real_03.py::HashExpander.do
  [13/104] Retomada: dz_real_04.py::interpolate_bilinear_2x_fwd
  [14/104] Retomada: io_real_01.py::nonsingular
  [15/104] Retomada: io_real_02.py::integer_squareroot
  [16/104] Retomada: ip_real_01.py::Request._set_url
  [17/104] Retomada: ip_real_03.py::Selector.__init__
  [18/104] Retomada: ip_real_04.py::HTTP1Connection.write_headers
  [19/104] Retomada: ip_real_05.py::_Alpha.__gt__
  [19/104] Retomada: ip_real_05.py::_Alpha.__ge__
  [19/104] Retomada: ip_real_05.py::_Numeric.__gt__
  [19/104] Retomada: ip_real_05.py::_Numeric.__ge__
  [20/104] Retomada: ip_real_06.py::_unstack_multiple
  [21/104] Retomada: ip_real_07.py::_htmlentity_transform
  [22/104] Retomada: ip_real_10.py::_get_spider_loader
  [23/104] Analisando ip_real_11.py::HTTPBearer.__call__...
  [24/104] Retomada: ip_real_13.py::StaticFileHandler.get
  [25/104] Analisando ip_real_14.py::TimeseriesGenerator.__len__...
  [26/104] Analisando ip_real_15.py::EmptyLineTracker.maybe_empty_lines...
  [27/104] Analisando ip_real_16.py::pivot...
