Execução V2 parcial na detecção; retome com --resume.

Modo V2 — etapa 1: detecção em 40 arquivo(s)
  [1/40] Analisando av_real_01.py::cli_bool_option...
  [2/40] Analisando av_real_02.py::WebSocketHandler.set_nodelay...
  [3/40] Analisando av_real_03.py::Series.to_timestamp...
  [4/40] Analisando av_real_04.py::_partition_tasks...
  [4/40] Analisando av_real_04.py::_summary_format...
  [5/40] Analisando av_real_05.py::tqdm.__init__...
  [6/40] Analisando av_real_06.py::get_new_command...
  [7/40] Analisando av_real_07.py::match...
  [8/40] Analisando av_real_08.py::Settings.update...
  [9/40] Analisando av_real_09.py::_make_getset_interval...
  [9/40] Analisando av_real_09.py::_make_getset_interval.getter...
  [9/40] Analisando av_real_09.py::_make_getset_interval.setter...
  [10/40] Analisando av_real_10.py::Driver._partially_consume_prefix...
  [11/40] Analisando av_real_11.py::HTTP1Connection._read_body...
  [12/40] Analisando av_real_12.py::match...
  [13/40] Analisando av_real_13.py::match...
  [14/40] Analisando av_real_14.py::get_new_command...
  [15/40] Analisando av_real_15.py::gunzip...
  [16/40] Analisando av_real_17.py::unified_strdate...
  [17/40] Analisando av_real_21.py::YoutubeDL.process_ie_result...
  [17/40] Analisando av_real_21.py::YoutubeDL.process_ie_result.iter_playlistitems...
  [17/40] Analisando av_real_21.py::YoutubeDL.process_ie_result._fixup...
  [18/40] Analisando dz_real_01.py::makeMappingArray...
  [19/40] Analisando dz_real_02.py::ExactLanguageSearch.choose_best_split...
  [20/40] Analisando dz_real_03.py::HashExpander.do...
  [21/40] Analisando dz_real_04.py::interpolate_bilinear_2x_fwd...
  [22/40] Analisando io_real_01.py::nonsingular...
  [23/40] Analisando io_real_02.py::integer_squareroot...
  [24/40] Analisando ip_real_01.py::Request._set_url...
  [25/40] Analisando ip_real_03.py::Selector.__init__...
  [26/40] Analisando ip_real_04.py::HTTP1Connection.write_headers...
  [27/40] Analisando ip_real_05.py::_Alpha.__gt__...
  [27/40] Analisando ip_real_05.py::_Numeric.__gt__...
  [28/40] Analisando ip_real_06.py::_unstack_multiple...
  [29/40] Analisando ip_real_07.py::_htmlentity_transform...
  [30/40] Analisando ip_real_08.py::Sanic.url_for...
  [31/40] Analisando ip_real_09.py::generate_commands...
  [32/40] Analisando ip_real_10.py::_get_spider_loader...
  [33/40] Analisando ip_real_11.py::HTTPBearer.__call__...
  [34/40] Analisando ip_real_12.py::map_obj_to_commands...
  [34/40] Analisando ip_real_12.py::map_obj_to_commands.needs_update...
  [34/40] Analisando ip_real_12.py::map_obj_to_commands.add...
  [35/40] Analisando ip_real_13.py::StaticFileHandler.get...
  [36/40] Analisando ip_real_14.py::TimeseriesGenerator.__len__...
  [37/40] Analisando ip_real_15.py::EmptyLineTracker._maybe_empty_lines...
  [38/40] Analisando ip_real_16.py::pivot...
  [39/40] Analisando ip_real_17.py::response_status_message...
  [40/40] Analisando ip_real_18.py::croniter._get_low_from_current_date_number...
