Warning: mypy not found on PATH; type checking will be skipped.
  Install with: pip install mypy  or  pipx install mypy
ESBMC version 8.3.0 64-bit x86_64 linux

Target: 64-bit little-endian x86_64-unknown-linux with esbmclibc
Parsing dataset/labeled/ok/bugs/assertion_violation/av_08.py
Converting
Generating GOTO Program
GOTO program creation time: 1.481s
GOTO program processing time: 0.014s
Checking base case, k = 1
Starting Bounded Model Checking
Symex completed in: 0.001s (74 assignments)
Caching time: 0.000s (removed 0 assertions)
Slicing time: 0.000s (removed 71 assignments)
Generated 1 VCC(s), 1 remaining after simplification (3 assignments)
No solver specified; defaulting to z3
Encoding remaining VCC(s) using bit-vector/floating-point arithmetic
Encoding to solver time: 0.000s
Solving with solver Z3 v4.8.12
Runtime decision procedure: 0.000s
Building error trace

[Counterexample]


State 1 file dataset/labeled/ok/bugs/assertion_violation/av_08.py line 1 column 0 thread 0
----------------------------------------------------
  left = 1 (00000000 00000000 00000000 00000000 00000000 00000000 00000000 00000001)

State 2 file dataset/labeled/ok/bugs/assertion_violation/av_08.py line 1 column 0 thread 0
----------------------------------------------------
  right = 0 (00000000 00000000 00000000 00000000 00000000 00000000 00000000 00000000)

State 3 file dataset/labeled/ok/bugs/assertion_violation/av_08.py line 2 column 4 function ordered_pair thread 0
----------------------------------------------------
Violated property:
  file dataset/labeled/ok/bugs/assertion_violation/av_08.py line 2 column 4 function ordered_pair
  assertion left <= right
  left <= right


VERIFICATION FAILED

Bug found (k = 1)
