
Modo V2 — etapa 1: detecção em 104 arquivo(s)
  [1/104] Analisando av_real_01.py::cli_bool_option...
  [2/104] Analisando av_real_02.py::WebSocketHandler.set_nodelay...
  [3/104] Analisando av_real_03.py::Series.to_timestamp...
  [4/104] Analisando av_real_05.py::tqdm.__init__...
  [5/104] Analisando av_real_07.py::match...
  [6/104] Analisando av_real_09.py::_make_getset_interval...
  [6/104] Analisando av_real_09.py::_make_getset_interval.getter...
  [6/104] Analisando av_real_09.py::_make_getset_interval.setter...
  [7/104] Analisando av_real_11.py::HTTP1Connection._read_body...
  [8/104] Analisando av_real_14.py::get_new_command...
  [9/104] Analisando av_real_17.py::unified_strdate...
  [10/104] Analisando dz_real_01.py::makeMappingArray...
  [11/104] Analisando dz_real_02.py::ExactLanguageSearch.choose_best_split...
  [12/104] Analisando dz_real_03.py::HashExpander.do...
  [13/104] Analisando dz_real_04.py::interpolate_bilinear_2x_fwd...
  [14/104] Analisando io_real_01.py::nonsingular...
  [15/104] Analisando io_real_02.py::integer_squareroot...
  [16/104] Analisando ip_real_01.py::Request._set_url...
  [17/104] Analisando ip_real_03.py::Selector.__init__...
  [18/104] Analisando ip_real_04.py::HTTP1Connection.write_headers...
  [19/104] Analisando ip_real_05.py::_Alpha.__gt__...
  [19/104] Analisando ip_real_05.py::_Alpha.__ge__...
  [19/104] Analisando ip_real_05.py::_Numeric.__gt__...
  [19/104] Analisando ip_real_05.py::_Numeric.__ge__...
  [20/104] Analisando ip_real_06.py::_unstack_multiple...
  [21/104] Analisando ip_real_07.py::_htmlentity_transform...
  [22/104] Analisando ip_real_10.py::_get_spider_loader...
  [23/104] Analisando ip_real_11.py::HTTPBearer.__call__...
  [24/104] Analisando ip_real_13.py::StaticFileHandler.get...
  [25/104] Analisando ip_real_14.py::TimeseriesGenerator.__len__...
  [26/104] Analisando ip_real_15.py::EmptyLineTracker.maybe_empty_lines...
  [27/104] Analisando ip_real_16.py::pivot...
  [28/104] Analisando ip_real_17.py::response_status_message...
  [29/104] Analisando ip_real_18.py::croniter._get_low_from_current_date_number...
  [30/104] Analisando ip_real_19.py::VersionInfo.__getitem__...
  [31/104] Analisando ip_real_20.py::generate_sub_moved_events...
  [32/104] Analisando ip_real_21.py::SortedDict.__eq__...
  [32/104] Analisando ip_real_21.py::SortedDict.__ne__...
  [33/104] Analisando ip_real_22.py::match...
  [34/104] Analisando ip_real_23.py::Task.to_str_params...

Modo V2 — etapa 1: detecção em 104 arquivo(s)
  [1/104] Analisando av_real_01.py::cli_bool_option...
