Warning: mypy not found on PATH; type checking will be skipped.
  Install with: pip install mypy  or  pipx install mypy
ESBMC version 8.3.0 64-bit x86_64 linux

Target: 64-bit little-endian x86_64-unknown-linux with esbmclibc
Parsing dataset/labeled/ok/clean/clean_05.py
Converting
Generating GOTO Program
GOTO program creation time: 1.620s
GOTO program processing time: 0.008s
Checking base case, k = 1
Starting Bounded Model Checking
Symex completed in: 0.001s (74 assignments)
Caching time: 0.000s (removed 0 assertions)
Slicing time: 0.000s (removed 74 assignments)
Generated 0 VCC(s), 0 remaining after simplification (0 assignments)
BMC program time: 0.001s
No bug has been found in the base case
Checking forward condition, k = 1
Starting Bounded Model Checking
Symex completed in: 0.001s (74 assignments)
Slicing time: 0.000s (removed 74 assignments)
Generated 0 VCC(s), 0 remaining after simplification (0 assignments)
BMC program time: 0.001s

VERIFICATION SUCCESSFUL

Solution found by the forward condition; all states are reachable (k = 1)
